[TTS] gTTS library imported successfully
[TTS] Engine initialized with gTTS (1 worker thread)

================================================================================
銆愪弗鏍兼祴璇曘€戞瀬闀垮彞瀛愭媶鍒嗭紙30+瀛楃锛?
================================================================================

馃敼 娴嬭瘯 1: 48涓眽瀛?
   鍘熸枃: 杩欐槸涓€涓寘鍚湁涓夊崄涓眽瀛楀乏鍙崇殑闀垮彞瀛愶紝瀹冮渶瑕佽鍑嗙‘鍦版媶鍒嗘垚涓嶈秴杩囧崄浜斾釜瀛楃殑閮ㄥ垎浠ヤ究杩涜璇煶鍚堟垚澶勭悊銆?

   鉁傦笍  鎷嗗垎缁撴灉 (3涓儴鍒?:
      鉁?[ 1] (18瀛? 杩欐槸涓€涓寘鍚湁涓夊崄涓眽瀛楀乏鍙崇殑闀垮彞瀛愶紝
      鉁?[ 2] (15瀛? 瀹冮渶瑕佽鍑嗙‘鍦版媶鍒嗘垚涓嶈秴杩囧崄浜?
      鉁?[ 3] (15瀛? 涓瓧鐨勯儴鍒嗕互渚胯繘琛岃闊冲悎鎴愬鐞嗐€?
   馃搳 鏈€澶ч暱搴? 18瀛? 鎷嗗垎: 澶辫触 鉁?

馃敼 娴嬭瘯 2: 64涓眽瀛?
   鍘熸枃: 涓崕浜烘皯鍏卞拰鍥芥槸涓€涓紵澶х殑鍥藉锛屾湁鐫€鎮犱箙鐨勫巻鍙叉枃鍖栦紶缁燂紝鏄笘鐣屼笂鏈€鍙よ€佺殑鏂囨槑涔嬩竴锛屾嫢鏈変赴瀵岀殑鑷劧璧勬簮鍜屼汉鏂囨櫙瑙傦紝鏄竴涓厖婊＄敓鏈烘椿鍔涚殑鍥藉銆?

   鉁傦笍  鎷嗗垎缁撴灉 (5涓儴鍒?:
      鉁?[ 1] (15瀛? 涓崕浜烘皯鍏卞拰鍥芥槸涓€涓紵澶х殑鍥藉锛?
      鉁?[ 2] (11瀛? 鏈夌潃鎮犱箙鐨勫巻鍙叉枃鍖栦紶缁燂紝
      鉁?[ 3] (12瀛? 鏄笘鐣屼笂鏈€鍙よ€佺殑鏂囨槑涔嬩竴锛?
      鉁?[ 4] (14瀛? 鎷ユ湁涓板瘜鐨勮嚜鐒惰祫婧愬拰浜烘枃鏅锛?
      鉁?[ 5] (12瀛? 鏄竴涓厖婊＄敓鏈烘椿鍔涚殑鍥藉銆?
   馃搳 鏈€澶ч暱搴? 15瀛? 鎷嗗垎: 閫氳繃 鉁?

馃敼 娴嬭瘯 3: 71涓眽瀛?
   鍘熸枃: 瀛︿範姹夎鏄竴涓暱鏈熻€屽張鍏呮弧鎸戞垬鐨勮繃绋嬶紝闇€瑕佹垜浠笉鏂湴绉疮璇嶆眹鐭ヨ瘑锛屾彁楂樿瑷€鐞嗚В鑳藉姏锛屽悓鏃惰繕瑕佸煿鍏绘壒鍒ゆ€ф€濈淮鍜屽垱閫犳€ф€濈淮鑳藉姏锛屾墠鑳界湡姝ｆ帉鎻¤繖闂ㄨ瑷€鐨勭簿楂撱€?

   鉁傦笍  鎷嗗垎缁撴灉 (5涓儴鍒?:
      鉁?[ 1] (18瀛? 瀛︿範姹夎鏄竴涓暱鏈熻€屽張鍏呮弧鎸戞垬鐨勮繃绋嬶紝
      鉁?[ 2] (13瀛? 闇€瑕佹垜浠笉鏂湴绉疮璇嶆眹鐭ヨ瘑锛?
      鉁?[ 3] ( 8瀛? 鎻愰珮璇█鐞嗚В鑳藉姏锛?
      鉁?[ 4] (19瀛? 鍚屾椂杩樿鍩瑰吇鎵瑰垽鎬ф€濈淮鍜屽垱閫犳€ф€濈淮鑳藉姏锛?
      鉁?[ 5] (13瀛? 鎵嶈兘鐪熸鎺屾彙杩欓棬璇█鐨勭簿楂撱€?
   馃搳 鏈€澶ч暱搴? 19瀛? 鎷嗗垎: 澶辫触 鉁?

================================================================================
銆愯瘝璇瘑鍒祴璇曘€戝尯鍒嗚瘝璇拰鍙ュ瓙
================================================================================

馃摑 璇嶈鐗圭偣:
   - 閫氬父娌℃湁鏍囩偣绗﹀彿
   - 闀垮害閫氬父杈冪煭锛?-5涓瓧锛?
   - 浣滀负鏁翠綋琚涔犲拰璁板繂
   
馃搫 鍙ュ瓙鐗圭偣:
   - 鍖呭惈涓€涓垨澶氫釜鏍囩偣绗﹀彿
   - 闀垮害鍙兘杈冮暱锛堥渶瑕佹媶鍒嗭級
   - 闇€瑕佹牴鎹暱搴﹁繘琛屾媶鍒嗗鐞?
    

馃敼 璇嶈鍒楄〃 (璇嶈, 12瀛?:
   鍘熸枃: 闈掗Μ澶ф銆佺柧棣炽€侀仩鐪恒€佷刊鐬般€佹€＄劧

   鉁傦笍  澶勭悊缁撴灉 (1涓儴鍒?:
      [ 1] (12瀛? 鍙ュ瓙) 闈掗Μ澶ф銆佺柧棣炽€侀仩鐪恒€佷刊鐬般€佹€＄劧

馃敼 鐭彞鍒楄〃 (鍙ュ瓙, 12瀛?:
   鍘熸枃: 鎴戝緢楂樺叴銆備綘鍛€備粬浠兘寰堝紑蹇冦€?

   鉁傦笍  澶勭悊缁撴灉 (3涓儴鍒?:
      [ 1] ( 4瀛? 鍙ュ瓙) 鎴戝緢楂樺叴銆?
      [ 2] ( 2瀛? 鍙ュ瓙) 浣犲憿銆?
      [ 3] ( 6瀛? 鍙ュ瓙) 浠栦滑閮藉緢寮€蹇冦€?

馃敼 闀垮彞 (鍙ュ瓙, 34瀛?:
   鍘熸枃: 杩欐槸涓€涓寘鍚簡寰堝姹夊瓧鐨勯暱鍙ュ瓙锛岄渶瑕佽鎷嗗垎鎴愬涓緝鐭殑閮ㄥ垎浠ヤ究璇煶鍚堟垚銆?

   鉁傦笍  澶勭悊缁撴灉 (2涓儴鍒?:
      [ 1] (15瀛? 鍙ュ瓙) 杩欐槸涓€涓寘鍚簡寰堝姹夊瓧鐨勯暱鍙ュ瓙锛?
      [ 2] (19瀛? 鍙ュ瓙) 闇€瑕佽鎷嗗垎鎴愬涓緝鐭殑閮ㄥ垎浠ヤ究璇煶鍚堟垚銆?

================================================================================
銆愭爣鐐圭鍙锋祴璇曘€戦獙璇佹墍鏈夋敮鎸佺殑鏍囩偣绗﹀彿
================================================================================

馃敼 鍙ュ彿锛堛€傦級:
   鍘熸枃: 杩欐槸绗竴鍙ャ€傝繖鏄浜屽彞銆?
   鉁傦笍  鎸夋爣鐐瑰垎鍓?
      [1] (5瀛? 杩欐槸绗竴鍙ャ€?
      [2] (5瀛? 杩欐槸绗簩鍙ャ€?

馃敼 闂彿锛堬紵锛?
   鍘熸枃: 浣犲ソ鍚楋紵鎴戝緢濂姐€?
   鉁傦笍  鎸夋爣鐐瑰垎鍓?
      [1] (3瀛? 浣犲ソ鍚楋紵
      [2] (3瀛? 鎴戝緢濂姐€?

馃敼 鍒嗗彿锛堬紱锛?
   鍘熸枃: 鏄ュぉ鏉ヤ簡锛涢矞鑺辩洓寮€銆?
   鉁傦笍  鎸夋爣鐐瑰垎鍓?
      [1] (4瀛? 鏄ュぉ鏉ヤ簡锛?
      [2] (4瀛? 椴滆姳鐩涘紑銆?

馃敼 鍐掑彿锛堬細锛?
   鍘熸枃: 璇锋敞鎰忥細杩欏緢閲嶈銆?
   鉁傦笍  鎸夋爣鐐瑰垎鍓?
      [1] (3瀛? 璇锋敞鎰忥細
      [2] (4瀛? 杩欏緢閲嶈銆?

馃敼 閫楀彿锛堬紝锛?
   鍘熸枃: 绾€侀粍銆佽摑锛屼笁绉嶉鑹层€?
   鉁傦笍  鎸夋爣鐐瑰垎鍓?
      [1] (3瀛? 绾€侀粍銆佽摑锛?
      [2] (4瀛? 涓夌棰滆壊銆?

================================================================================
銆愯竟鐣屾祴璇曘€戞祴璇曠壒娈婃儏鍐?
================================================================================

馃敼 鎭板ソ15瀛?(17瀛?:
   鍘熸枃: 杩欐槸涓€涓伆濂藉崄浜斾釜瀛楃殑鍙ュ瓙娴嬭瘯妗堜緥

   鉁傦笍  澶勭悊缁撴灉 (1涓儴鍒?:
      鉁?[ 1] (17瀛? 杩欐槸涓€涓伆濂藉崄浜斾釜瀛楃殑鍙ュ瓙娴嬭瘯妗堜緥
   馃搳 鑼冨洿: 17-17瀛? 鐘舵€? 澶辫触 鉁?

馃敼 鎭板ソ16瀛?(19瀛?:
   鍘熸枃: 杩欐槸涓€涓伆濂藉崄鍏釜瀛楃殑闀垮彞瀛愭祴璇曟渚嬪

   鉁傦笍  澶勭悊缁撴灉 (1涓儴鍒?:
      鉁?[ 1] (19瀛? 杩欐槸涓€涓伆濂藉崄鍏釜瀛楃殑闀垮彞瀛愭祴璇曟渚嬪
   馃搳 鑼冨洿: 19-19瀛? 鐘舵€? 澶辫触 鉁?

馃敼 5瀛楋紙鏈€灏忥級 (5瀛?:
   鍘熸枃: 杩欐槸浜斿瓧鍙ャ€?

   鉁傦笍  澶勭悊缁撴灉 (1涓儴鍒?:
      鉁?[ 1] ( 5瀛? 杩欐槸浜斿瓧鍙ャ€?
   馃搳 鑼冨洿: 5-5瀛? 鐘舵€? 閫氳繃 鉁?

馃敼 4瀛楋紙鏈€灏?1锛?(5瀛?:
   鍘熸枃: 杩欐槸鍥涘瓧鍙ャ€?

   鉁傦笍  澶勭悊缁撴灉 (1涓儴鍒?:
      鉁?[ 1] ( 5瀛? 杩欐槸鍥涘瓧鍙ャ€?
   馃搳 鑼冨洿: 5-5瀛? 鐘舵€? 閫氳繃 鉁?

馃敼 鏃犳爣鐐归暱鍙?(34瀛?:
   鍘熸枃: 杩欐槸涓€涓病鏈変换浣曟爣鐐圭鍙风殑闈炲父闀跨殑鍙ュ瓙闇€瑕佽鑷姩鎷嗗垎鎴愬涓緝鐭殑閮ㄥ垎

   鉁傦笍  澶勭悊缁撴灉 (2涓儴鍒?:
      鉁?[ 1] (15瀛? 杩欐槸涓€涓病鏈変换浣曟爣鐐圭鍙风殑闈炲父
      鉁?[ 2] (19瀛? 闀跨殑鍙ュ瓙闇€瑕佽鑷姩鎷嗗垎鎴愬涓緝鐭殑閮ㄥ垎
   馃搳 鑼冨洿: 15-19瀛? 鐘舵€? 澶辫触 鉁?

馃敼 娣峰悎鍐呭 (18瀛?:
   鍘熸枃: 璇嶈锛氫功绫嶃€佺瑪銆佺焊寮犮€傚彞瀛愭槸鐢卞涓瘝璇粍鎴愮殑銆?

   鉁傦笍  澶勭悊缁撴灉 (3涓儴鍒?:
      鉁?[ 1] ( 2瀛? 璇嶈锛?
      鉁?[ 2] ( 5瀛? 涔︾睄銆佺瑪銆佺焊寮犮€?
      鉁?[ 3] (11瀛? 鍙ュ瓙鏄敱澶氫釜璇嶈缁勬垚鐨勩€?
   馃搳 鑼冨洿: 2-11瀛? 鐘舵€? 閫氳繃 鉁?

================================================================================
鉁?鎵€鏈変弗鏍兼祴璇曞畬鎴愶紒
================================================================================

